// Jest Snapshot v1, https://goo.gl/fbAQLP

exports[`<Accordion /> should match snapshot 1`] = `
<div>
  <div
    class="px-4 md:pl-[4rem]"
    data-orientation="vertical"
  >
    <div
      class="border-b border-neutral-500 text-neutral-50 font-highlight text-[1.5625rem] md:px-3 md:text-9xl"
      data-orientation="vertical"
      data-state="closed"
    >
      <h3
        class="flex"
        data-orientation="vertical"
        data-state="closed"
      >
        <button
          aria-controls="radix-:rf:"
          aria-expanded="false"
          class="text-left flex flex-1 items-start justify-between py-4 font-bold text transition-all hover:underline [&[data-state=open]>svg]:rotate-180 md:items-center"
          data-orientation="vertical"
          data-radix-collection-item=""
          data-state="closed"
          id="radix-:re:"
          type="button"
        >
          Accordion Title
          <svg
            class="lucide lucide-chevron-down h-8 w-8 shrink-0 transition-transform duration-200"
            data-testid="accordion-icon"
            fill="none"
            height="24"
            stroke="currentColor"
            stroke-linecap="round"
            stroke-linejoin="round"
            stroke-width="2"
            viewBox="0 0 24 24"
            width="24"
            xmlns="http://www.w3.org/2000/svg"
          >
            <path
              d="m6 9 6 6 6-6"
            />
          </svg>
        </button>
      </h3>
      <div
        aria-labelledby="radix-:re:"
        class="overflow-hidden text-base font-body text-neutral-50 transition-all data-[state=closed]:animate-accordion-up data-[state=open]:animate-accordion-down md:text-2xl md:leading-[170%]"
        data-orientation="vertical"
        data-state="closed"
        data-testid="accordion-content"
        hidden=""
        id="radix-:rf:"
        role="region"
        style="--radix-accordion-content-height: var(--radix-collapsible-content-height); --radix-accordion-content-width: var(--radix-collapsible-content-width);"
      />
    </div>
  </div>
</div>
`;
