// Jest Snapshot v1, https://goo.gl/fbAQLP

exports[`<AuthorSection /> should match snapshot 1`] = `
<div>
  <section
    class="flex flex-col justify-center items-center py-14 max-w-[78.4287rem] lg:flex-row lg:justify-start lg:m-auto lg:px-[5rem] lg:gap-[2.9375rem] lg:pt-16 lg:pb-[5.625rem] xl:px-0"
    id="author"
  >
    <div
      data-testid="mock-avatar"
    />
    <div
      class="flex flex-col items-center lg:items-start"
    >
      <div
        class="flex flex-col mt-4 mb-6 lg:mt-0 lg:mb-8"
      >
        <h2
          class="font-heading font-semibold text-8xl text-complementary-white text-center lg:text-left"
        >
          Leandro Lopes
        </h2>
        <h3
          class="font-body text-base text-neutral-100 lg:text-4xl"
        >
          Desenvolvedor Full Stack | UX/UI Designer
        </h3>
      </div>
      <div
        data-testid="mock-social-icons"
      />
      <p
        class="font-body text-base mt-4 text-center text-neutral-50 px-7 md:max-w-[35rem] lg:mt-8 lg:text-left lg:px-0 xl:max-w-[51.78rem] xl:text-xxl xl:leading-[170%]"
      >
        Olá, me chamo Leandro Lopes, sou desenvolvedor Full Stack e UX/UI Designer com mais de 4 anos de experiência e fundador do Union Developers, uma empresa sem fins lucrativos com o objetivo de ajudar desenvolvedores júnior. Sou apaixonado por código, criação e compartilhar conhecimento.
      </p>
    </div>
  </section>
</div>
`;
